// Jest Snapshot v1, https://goo.gl/fbAQLP

exports[`check PSF for Gaussian Filter 1`] = `Promise {}`;

exports[`check PSF for Gaussian Filter 2`] = `Promise {}`;

exports[`check PSF for Gaussian Filter 3`] = `Promise {}`;

exports[`validate hash 1`] = `Promise {}`;

exports[`validate hash 2`] = `Promise {}`;
