// Jest Snapshot v1, https://goo.gl/fbAQLP

exports[`shall smooth the image preserving edges 1`] = `[Function]`;

exports[`shall smooth the image preserving edges 2`] = `[Function]`;

exports[`shall smooth the image preserving edges 3`] = `[Function]`;

exports[`shall smooth the image preserving edges 4`] = `[Function]`;

exports[`shall smooth the image preserving edges 5`] = `[Function]`;

exports[`shall smooth the image preserving edges 6`] = `[Function]`;
